This file contains any messages produced by compilers while
running configure, to aid debugging if configure makes a mistake.

It was created by configure, which was
generated by GNU Autoconf 2.72.  Invocation command line was

  $ ./configure --no-create

## --------- ##
## Platform. ##
## --------- ##

hostname = myoushu.attlocal.net
uname -m = x86_64
uname -r = 6.1.25
uname -s = Linux
uname -v = #1 SMP PREEMPT_DYNAMIC Thu Apr 20 13:54:05 CDT 2023

/usr/bin/uname -p = AMD Ryzen 9 3900XT 12-Core Processor
/bin/uname -X     = unknown

/bin/arch              = x86_64
/usr/bin/arch -k       = unknown
/usr/convex/getsysinfo = unknown
/usr/bin/hostinfo      = unknown
/bin/machine           = unknown
/usr/bin/oslevel       = unknown
/bin/universe          = unknown

PATH: /usr/lib64/go1.24.4/go/bin/
PATH: /usr/local/bin/
PATH: /usr/bin/
PATH: /bin/
PATH: /usr/games/
PATH: /usr/lib64/libexec/kf5/
PATH: /usr/lib64/java/bin/
PATH: /usr/lib64/qt/bin/
PATH: /usr/lib64/qt5/bin/
PATH: /usr/lib64/qt6/bin/


## ----------- ##
## Core tests. ##
## ----------- ##

configure:2450: looking for aux files: install-sh
configure:2463:  trying ./
configure:2474:   ./install-sh found
configure:2681: checking for gcc
configure:2702: found /usr/bin/gcc
configure:2714: result: gcc
configure:3073: checking for C compiler version
configure:3082: gcc --version >&5
gcc (GCC) 15.1.0
Copyright (C) 2025 Free Software Foundation, Inc.
This is free software; see the source for copying conditions.  There is NO
warranty; not even for MERCHANTABILITY or FITNESS FOR A PARTICULAR PURPOSE.

configure:3093: $? = 0
configure:3082: gcc -v >&5
Reading specs from /usr/lib64/gcc/x86_64-slackware-linux/15.1.0/specs
COLLECT_GCC=gcc
COLLECT_LTO_WRAPPER=/usr/libexec/gcc/x86_64-slackware-linux/15.1.0/lto-wrapper
Target: x86_64-slackware-linux
Configured with: ../configure --prefix=/usr --libdir=/usr/lib64 --mandir=/usr/man --infodir=/usr/info --enable-shared --enable-bootstrap --enable-languages=ada,c,c++,d,fortran,go,lto,m2,objc,obj-c++,rust,cobol --enable-threads=posix --enable-checking=release --with-system-zlib --enable-libstdcxx-dual-abi --with-default-libstdcxx-abi=new --disable-libstdcxx-pch --disable-libunwind-exceptions --enable-__cxa_atexit --disable-libssp --enable-gnu-indirect-function --enable-gnu-unique-object --enable-plugin --enable-lto --disable-install-libiberty --disable-werror --with-gnu-ld --with-isl --verbose --with-arch-directory=amd64 --disable-gtktest --enable-clocale=gnu --with-arch=x86-64 --enable-multilib --target=x86_64-slackware-linux --build=x86_64-slackware-linux --host=x86_64-slackware-linux
Thread model: posix
Supported LTO compression algorithms: zlib zstd
gcc version 15.1.0 (GCC) 
configure:3093: $? = 0
configure:3082: gcc -V >&5
gcc: error: unrecognized command-line option '-V'
gcc: fatal error: no input files
compilation terminated.
configure:3093: $? = 1
configure:3082: gcc -qversion >&5
gcc: error: unrecognized command-line option '-qversion'; did you mean '--version'?
gcc: fatal error: no input files
compilation terminated.
configure:3093: $? = 1
configure:3082: gcc -version >&5
gcc: error: unrecognized command-line option '-version'
gcc: fatal error: no input files
compilation terminated.
configure:3093: $? = 1
configure:3113: checking whether the C compiler works
configure:3135: gcc -m32 -O2  -m32 conftest.c  >&5
configure:3139: $? = 0
configure:3190: result: yes
configure:3194: checking for C compiler default output file name
configure:3196: result: a.out
configure:3202: checking for suffix of executables
configure:3209: gcc -o conftest -m32 -O2  -m32 conftest.c  >&5
configure:3213: $? = 0
configure:3237: result: 
configure:3261: checking whether we are cross compiling
configure:3269: gcc -o conftest -m32 -O2  -m32 conftest.c  >&5
configure:3273: $? = 0
configure:3280: ./conftest
configure:3284: $? = 0
configure:3299: result: no
configure:3305: checking for suffix of object files
configure:3328: gcc -c -m32 -O2  conftest.c >&5
configure:3332: $? = 0
configure:3356: result: o
configure:3360: checking whether the compiler supports GNU C
configure:3380: gcc -c -m32 -O2  conftest.c >&5
configure:3380: $? = 0
configure:3392: result: yes
configure:3403: checking whether gcc accepts -g
configure:3424: gcc -c -g  conftest.c >&5
configure:3424: $? = 0
configure:3471: result: yes
configure:3491: checking for gcc option to enable C11 features
configure:3506: gcc  -c -m32 -O2  conftest.c >&5
configure:3506: $? = 0
configure:3525: result: none needed
configure:3646: checking compiler version
configure:3649: result: gcc version 15.1.0 (GCC) 
configure:3664: checking for library containing strerror
configure:3700: gcc -o conftest -m32 -O2  -m32 conftest.c  >&5
configure:3700: $? = 0
configure:3722: result: none required
configure:3735: checking for stdio.h
configure:3735: gcc -c -m32 -O2  conftest.c >&5
configure:3735: $? = 0
configure:3735: result: yes
configure:3735: checking for stdlib.h
configure:3735: gcc -c -m32 -O2  conftest.c >&5
configure:3735: $? = 0
configure:3735: result: yes
configure:3735: checking for string.h
configure:3735: gcc -c -m32 -O2  conftest.c >&5
configure:3735: $? = 0
configure:3735: result: yes
configure:3735: checking for inttypes.h
configure:3735: gcc -c -m32 -O2  conftest.c >&5
configure:3735: $? = 0
configure:3735: result: yes
configure:3735: checking for stdint.h
configure:3735: gcc -c -m32 -O2  conftest.c >&5
configure:3735: $? = 0
configure:3735: result: yes
configure:3735: checking for strings.h
configure:3735: gcc -c -m32 -O2  conftest.c >&5
configure:3735: $? = 0
configure:3735: result: yes
configure:3735: checking for sys/stat.h
configure:3735: gcc -c -m32 -O2  conftest.c >&5
configure:3735: $? = 0
configure:3735: result: yes
configure:3735: checking for sys/types.h
configure:3735: gcc -c -m32 -O2  conftest.c >&5
configure:3735: $? = 0
configure:3735: result: yes
configure:3735: checking for unistd.h
configure:3735: gcc -c -m32 -O2  conftest.c >&5
configure:3735: $? = 0
configure:3735: result: yes
configure:3735: checking for wchar.h
configure:3735: gcc -c -m32 -O2  conftest.c >&5
configure:3735: $? = 0
configure:3735: result: yes
configure:3735: checking for minix/config.h
configure:3735: gcc -c -m32 -O2  conftest.c >&5
conftest.c:47:10: fatal error: minix/config.h: No such file or directory
   47 | #include <minix/config.h>
      |          ^~~~~~~~~~~~~~~~
compilation terminated.
configure:3735: $? = 1
configure: failed program was:
| /* confdefs.h */
| #define PACKAGE_NAME ""
| #define PACKAGE_TARNAME ""
| #define PACKAGE_VERSION ""
| #define PACKAGE_STRING ""
| #define PACKAGE_BUGREPORT ""
| #define PACKAGE_URL ""
| #define HAVE_STDIO_H 1
| #define HAVE_STDLIB_H 1
| #define HAVE_STRING_H 1
| #define HAVE_INTTYPES_H 1
| #define HAVE_STDINT_H 1
| #define HAVE_STRINGS_H 1
| #define HAVE_SYS_STAT_H 1
| #define HAVE_SYS_TYPES_H 1
| #define HAVE_UNISTD_H 1
| #define HAVE_WCHAR_H 1
| /* end confdefs.h.  */
| #include <stddef.h>
| #ifdef HAVE_STDIO_H
| # include <stdio.h>
| #endif
| #ifdef HAVE_STDLIB_H
| # include <stdlib.h>
| #endif
| #ifdef HAVE_STRING_H
| # include <string.h>
| #endif
| #ifdef HAVE_INTTYPES_H
| # include <inttypes.h>
| #endif
| #ifdef HAVE_STDINT_H
| # include <stdint.h>
| #endif
| #ifdef HAVE_STRINGS_H
| # include <strings.h>
| #endif
| #ifdef HAVE_SYS_TYPES_H
| # include <sys/types.h>
| #endif
| #ifdef HAVE_SYS_STAT_H
| # include <sys/stat.h>
| #endif
| #ifdef HAVE_UNISTD_H
| # include <unistd.h>
| #endif
| #include <minix/config.h>
configure:3735: result: no
configure:3766: checking whether it is safe to define __EXTENSIONS__
configure:3785: gcc -c -m32 -O2  conftest.c >&5
configure:3785: $? = 0
configure:3795: result: yes
configure:3798: checking whether _XOPEN_SOURCE should be defined
configure:3820: gcc -c -m32 -O2  conftest.c >&5
configure:3820: $? = 0
configure:3849: result: no
configure:3910: checking whether your compiler really does something
configure:3933: gcc -o conftest -m32 -O2  -m32 conftest.c  >&5
/usr/bin/ld: /tmp/ccLUSIb3.o: in function `main':
conftest.c:(.text.startup+0x7): undefined reference to `goldfish_does_blub'
collect2: error: ld returned 1 exit status
configure:3933: $? = 1
configure: failed program was:
| /* confdefs.h */
| #define PACKAGE_NAME ""
| #define PACKAGE_TARNAME ""
| #define PACKAGE_VERSION ""
| #define PACKAGE_STRING ""
| #define PACKAGE_BUGREPORT ""
| #define PACKAGE_URL ""
| #define HAVE_STDIO_H 1
| #define HAVE_STDLIB_H 1
| #define HAVE_STRING_H 1
| #define HAVE_INTTYPES_H 1
| #define HAVE_STDINT_H 1
| #define HAVE_STRINGS_H 1
| #define HAVE_SYS_STAT_H 1
| #define HAVE_SYS_TYPES_H 1
| #define HAVE_UNISTD_H 1
| #define HAVE_WCHAR_H 1
| #define STDC_HEADERS 1
| #define _ALL_SOURCE 1
| #define _DARWIN_C_SOURCE 1
| #define _GNU_SOURCE 1
| #define _HPUX_ALT_XOPEN_SOCKET_API 1
| #define _NETBSD_SOURCE 1
| #define _OPENBSD_SOURCE 1
| #define _POSIX_PTHREAD_SEMANTICS 1
| #define __STDC_WANT_IEC_60559_ATTRIBS_EXT__ 1
| #define __STDC_WANT_IEC_60559_BFP_EXT__ 1
| #define __STDC_WANT_IEC_60559_DFP_EXT__ 1
| #define __STDC_WANT_IEC_60559_EXT__ 1
| #define __STDC_WANT_IEC_60559_FUNCS_EXT__ 1
| #define __STDC_WANT_IEC_60559_TYPES_EXT__ 1
| #define __STDC_WANT_LIB_EXT2__ 1
| #define __STDC_WANT_MATH_SPEC_FUNCS__ 1
| #define _TANDEM_SOURCE 1
| #define __EXTENSIONS__ 1
| /* end confdefs.h.  */
| extern int goldfish_does_blub();
| int a;
| int
| main (void)
| {
| a=goldfish_does_blub();
|   ;
|   return 0;
| }
configure:3948: gcc -o conftest -m32 -O2  -m32 conftest.c  >&5
configure:3948: $? = 0
configure:3964: result: yes
configure:3980: checking whether your compiler understands prototypes
configure:4002: gcc -c -m32 -O2  conftest.c >&5
configure:4002: $? = 0
configure:4013: result: yes
configure:4074: checking for ranlib
configure:4095: found /usr/bin/ranlib
configure:4107: result: ranlib
configure:4129: checking whether make sets $(MAKE)
configure:4153: result: yes
configure:4184: checking to what make sets $(ARFLAGS)
configure:4187: result: -rv
configure:4184: checking to what make sets $(RM)
configure:4187: result: rm -f
configure:4201: checking whether make can handle implicit library rules
configure:4260: result: yes
configure:4263: checking whether make implicit library rules are time sensitive
configure:4273: result: yes
configure:4298: checking for a BSD-compatible install
configure:4372: result: /usr/bin/ginstall -c
configure:4389: checking for bison
configure:4410: found /usr/bin/bison
configure:4422: result: bison -y
configure:4434: checking whether `bison -y' yyoverflow uses 6 arguments
./configure: line 4450: y.tab.c: command not found
configure:4462: result: no
configure:4474: checking for flex
configure:4495: found /usr/bin/flex
configure:4507: result: flex
configure:4556: checking for lex output file root
configure:4569: flex conftest.l
configure:4573: $? = 0
configure:4582: result: lex.yy
configure:4597: checking for lex library
configure:4622: gcc -o conftest -m32 -O2  -m32 conftest.c  >&5
configure:4622: $? = 0
configure:4636: result: none needed
configure:4652: checking for library containing yywrap
configure:4688: gcc -o conftest -m32 -O2  -m32 conftest.c  >&5
/usr/bin/ld: /tmp/ccfwS1K0.o: in function `main':
conftest.c:(.text.startup+0x7): undefined reference to `yywrap'
collect2: error: ld returned 1 exit status
configure:4688: $? = 1
configure: failed program was:
| /* confdefs.h */
| #define PACKAGE_NAME ""
| #define PACKAGE_TARNAME ""
| #define PACKAGE_VERSION ""
| #define PACKAGE_STRING ""
| #define PACKAGE_BUGREPORT ""
| #define PACKAGE_URL ""
| #define HAVE_STDIO_H 1
| #define HAVE_STDLIB_H 1
| #define HAVE_STRING_H 1
| #define HAVE_INTTYPES_H 1
| #define HAVE_STDINT_H 1
| #define HAVE_STRINGS_H 1
| #define HAVE_SYS_STAT_H 1
| #define HAVE_SYS_TYPES_H 1
| #define HAVE_UNISTD_H 1
| #define HAVE_WCHAR_H 1
| #define STDC_HEADERS 1
| #define _ALL_SOURCE 1
| #define _DARWIN_C_SOURCE 1
| #define _GNU_SOURCE 1
| #define _HPUX_ALT_XOPEN_SOCKET_API 1
| #define _NETBSD_SOURCE 1
| #define _OPENBSD_SOURCE 1
| #define _POSIX_PTHREAD_SEMANTICS 1
| #define __STDC_WANT_IEC_60559_ATTRIBS_EXT__ 1
| #define __STDC_WANT_IEC_60559_BFP_EXT__ 1
| #define __STDC_WANT_IEC_60559_DFP_EXT__ 1
| #define __STDC_WANT_IEC_60559_EXT__ 1
| #define __STDC_WANT_IEC_60559_FUNCS_EXT__ 1
| #define __STDC_WANT_IEC_60559_TYPES_EXT__ 1
| #define __STDC_WANT_LIB_EXT2__ 1
| #define __STDC_WANT_MATH_SPEC_FUNCS__ 1
| #define _TANDEM_SOURCE 1
| #define __EXTENSIONS__ 1
| /* end confdefs.h.  */
| 
| /* Override any GCC internal prototype to avoid an error.
|    Use char because int might match the return type of a GCC
|    builtin and then its argument prototype would still apply.
|    The 'extern "C"' is for builds by C++ compilers;
|    although this is not generally supported in C code supporting it here
|    has little cost and some practical benefit (sr 110532).  */
| #ifdef __cplusplus
| extern "C"
| #endif
| char yywrap (void);
| int
| main (void)
| {
| return yywrap ();
|   ;
|   return 0;
| }
configure:4688: gcc -o conftest -m32 -O2  -m32 conftest.c -lfl   >&5
/usr/bin/ld: skipping incompatible /usr/lib64/gcc/x86_64-slackware-linux/15.1.0/../../../libfl.so when searching for -lfl
/usr/bin/ld: skipping incompatible /usr/lib64/gcc/x86_64-slackware-linux/15.1.0/../../../libfl.a when searching for -lfl
/usr/bin/ld: cannot find -lfl: No such file or directory
/usr/bin/ld: skipping incompatible /usr/lib64/gcc/x86_64-slackware-linux/15.1.0/../../../libfl.so when searching for -lfl
collect2: error: ld returned 1 exit status
configure:4688: $? = 1
configure: failed program was:
| /* confdefs.h */
| #define PACKAGE_NAME ""
| #define PACKAGE_TARNAME ""
| #define PACKAGE_VERSION ""
| #define PACKAGE_STRING ""
| #define PACKAGE_BUGREPORT ""
| #define PACKAGE_URL ""
| #define HAVE_STDIO_H 1
| #define HAVE_STDLIB_H 1
| #define HAVE_STRING_H 1
| #define HAVE_INTTYPES_H 1
| #define HAVE_STDINT_H 1
| #define HAVE_STRINGS_H 1
| #define HAVE_SYS_STAT_H 1
| #define HAVE_SYS_TYPES_H 1
| #define HAVE_UNISTD_H 1
| #define HAVE_WCHAR_H 1
| #define STDC_HEADERS 1
| #define _ALL_SOURCE 1
| #define _DARWIN_C_SOURCE 1
| #define _GNU_SOURCE 1
| #define _HPUX_ALT_XOPEN_SOCKET_API 1
| #define _NETBSD_SOURCE 1
| #define _OPENBSD_SOURCE 1
| #define _POSIX_PTHREAD_SEMANTICS 1
| #define __STDC_WANT_IEC_60559_ATTRIBS_EXT__ 1
| #define __STDC_WANT_IEC_60559_BFP_EXT__ 1
| #define __STDC_WANT_IEC_60559_DFP_EXT__ 1
| #define __STDC_WANT_IEC_60559_EXT__ 1
| #define __STDC_WANT_IEC_60559_FUNCS_EXT__ 1
| #define __STDC_WANT_IEC_60559_TYPES_EXT__ 1
| #define __STDC_WANT_LIB_EXT2__ 1
| #define __STDC_WANT_MATH_SPEC_FUNCS__ 1
| #define _TANDEM_SOURCE 1
| #define __EXTENSIONS__ 1
| /* end confdefs.h.  */
| 
| /* Override any GCC internal prototype to avoid an error.
|    Use char because int might match the return type of a GCC
|    builtin and then its argument prototype would still apply.
|    The 'extern "C"' is for builds by C++ compilers;
|    although this is not generally supported in C code supporting it here
|    has little cost and some practical benefit (sr 110532).  */
| #ifdef __cplusplus
| extern "C"
| #endif
| char yywrap (void);
| int
| main (void)
| {
| return yywrap ();
|   ;
|   return 0;
| }
configure:4688: gcc -o conftest -m32 -O2  -m32 conftest.c -ll   >&5
/usr/bin/ld: cannot find -ll: No such file or directory
collect2: error: ld returned 1 exit status
configure:4688: $? = 1
configure: failed program was:
| /* confdefs.h */
| #define PACKAGE_NAME ""
| #define PACKAGE_TARNAME ""
| #define PACKAGE_VERSION ""
| #define PACKAGE_STRING ""
| #define PACKAGE_BUGREPORT ""
| #define PACKAGE_URL ""
| #define HAVE_STDIO_H 1
| #define HAVE_STDLIB_H 1
| #define HAVE_STRING_H 1
| #define HAVE_INTTYPES_H 1
| #define HAVE_STDINT_H 1
| #define HAVE_STRINGS_H 1
| #define HAVE_SYS_STAT_H 1
| #define HAVE_SYS_TYPES_H 1
| #define HAVE_UNISTD_H 1
| #define HAVE_WCHAR_H 1
| #define STDC_HEADERS 1
| #define _ALL_SOURCE 1
| #define _DARWIN_C_SOURCE 1
| #define _GNU_SOURCE 1
| #define _HPUX_ALT_XOPEN_SOCKET_API 1
| #define _NETBSD_SOURCE 1
| #define _OPENBSD_SOURCE 1
| #define _POSIX_PTHREAD_SEMANTICS 1
| #define __STDC_WANT_IEC_60559_ATTRIBS_EXT__ 1
| #define __STDC_WANT_IEC_60559_BFP_EXT__ 1
| #define __STDC_WANT_IEC_60559_DFP_EXT__ 1
| #define __STDC_WANT_IEC_60559_EXT__ 1
| #define __STDC_WANT_IEC_60559_FUNCS_EXT__ 1
| #define __STDC_WANT_IEC_60559_TYPES_EXT__ 1
| #define __STDC_WANT_LIB_EXT2__ 1
| #define __STDC_WANT_MATH_SPEC_FUNCS__ 1
| #define _TANDEM_SOURCE 1
| #define __EXTENSIONS__ 1
| /* end confdefs.h.  */
| 
| /* Override any GCC internal prototype to avoid an error.
|    Use char because int might match the return type of a GCC
|    builtin and then its argument prototype would still apply.
|    The 'extern "C"' is for builds by C++ compilers;
|    although this is not generally supported in C code supporting it here
|    has little cost and some practical benefit (sr 110532).  */
| #ifdef __cplusplus
| extern "C"
| #endif
| char yywrap (void);
| int
| main (void)
| {
| return yywrap ();
|   ;
|   return 0;
| }
configure:4710: result: no
configure:4727: checking whether yytext is a pointer
configure:4743: gcc -c -m32 -O2  conftest.c >&5
configure:4743: $? = 0
configure:4751: result: yes
configure:4765: checking for makedepend
configure:4786: found /usr/bin/makedepend
configure:4799: result: makedepend
configure:4807: checking whether makedepend accepts the -p option
configure:4825: result: yes
configure:4834: checking what extra options we should give makedepend
configure:4878: result:  -I/usr/lib64/gcc/x86_64-slackware-linux/15.1.0/include -I/usr/local/include -I/usr/lib64/gcc/x86_64-slackware-linux/15.1.0/include-fixed -I/usr/include
configure:4884: checking for etags
configure:4918: result: :
configure:4927: checking for grep that handles long lines and -e
configure:4993: result: /usr/bin/grep
configure:5001: checking for egrep
configure:5071: result: /usr/bin/grep -E
configure:5093: checking for string.h
configure:5093: result: yes
configure:5093: checking for stdlib.h
configure:5093: result: yes
configure:5093: checking for memory.h
configure:5093: gcc -c -m32 -O2  conftest.c >&5
configure:5093: $? = 0
configure:5093: result: yes
configure:5093: checking for unistd.h
configure:5093: result: yes
configure:5093: checking for stdarg.h
configure:5093: gcc -c -m32 -O2  conftest.c >&5
configure:5093: $? = 0
configure:5093: result: yes
configure:5093: checking for sys/select.h
configure:5093: gcc -c -m32 -O2  conftest.c >&5
configure:5093: $? = 0
configure:5093: result: yes
configure:5106: checking for pid_t
configure:5106: gcc -c -m32 -O2  conftest.c >&5
configure:5106: $? = 0
configure:5106: gcc -c -m32 -O2  conftest.c >&5
conftest.c: In function 'main':
conftest.c:76:20: error: expected expression before ')' token
   76 | if (sizeof ((pid_t)))
      |                    ^
configure:5106: $? = 1
configure: failed program was:
| /* confdefs.h */
| #define PACKAGE_NAME ""
| #define PACKAGE_TARNAME ""
| #define PACKAGE_VERSION ""
| #define PACKAGE_STRING ""
| #define PACKAGE_BUGREPORT ""
| #define PACKAGE_URL ""
| #define HAVE_STDIO_H 1
| #define HAVE_STDLIB_H 1
| #define HAVE_STRING_H 1
| #define HAVE_INTTYPES_H 1
| #define HAVE_STDINT_H 1
| #define HAVE_STRINGS_H 1
| #define HAVE_SYS_STAT_H 1
| #define HAVE_SYS_TYPES_H 1
| #define HAVE_UNISTD_H 1
| #define HAVE_WCHAR_H 1
| #define STDC_HEADERS 1
| #define _ALL_SOURCE 1
| #define _DARWIN_C_SOURCE 1
| #define _GNU_SOURCE 1
| #define _HPUX_ALT_XOPEN_SOCKET_API 1
| #define _NETBSD_SOURCE 1
| #define _OPENBSD_SOURCE 1
| #define _POSIX_PTHREAD_SEMANTICS 1
| #define __STDC_WANT_IEC_60559_ATTRIBS_EXT__ 1
| #define __STDC_WANT_IEC_60559_BFP_EXT__ 1
| #define __STDC_WANT_IEC_60559_DFP_EXT__ 1
| #define __STDC_WANT_IEC_60559_EXT__ 1
| #define __STDC_WANT_IEC_60559_FUNCS_EXT__ 1
| #define __STDC_WANT_IEC_60559_TYPES_EXT__ 1
| #define __STDC_WANT_LIB_EXT2__ 1
| #define __STDC_WANT_MATH_SPEC_FUNCS__ 1
| #define _TANDEM_SOURCE 1
| #define __EXTENSIONS__ 1
| #define YYTEXT_POINTER 1
| #define HAVE_STRING_H 1
| #define HAVE_STDLIB_H 1
| #define HAVE_MEMORY_H 1
| #define HAVE_UNISTD_H 1
| #define HAVE_STDARG_H 1
| #define HAVE_SYS_SELECT_H 1
| /* end confdefs.h.  */
| #include <stddef.h>
| #ifdef HAVE_STDIO_H
| # include <stdio.h>
| #endif
| #ifdef HAVE_STDLIB_H
| # include <stdlib.h>
| #endif
| #ifdef HAVE_STRING_H
| # include <string.h>
| #endif
| #ifdef HAVE_INTTYPES_H
| # include <inttypes.h>
| #endif
| #ifdef HAVE_STDINT_H
| # include <stdint.h>
| #endif
| #ifdef HAVE_STRINGS_H
| # include <strings.h>
| #endif
| #ifdef HAVE_SYS_TYPES_H
| # include <sys/types.h>
| #endif
| #ifdef HAVE_SYS_STAT_H
| # include <sys/stat.h>
| #endif
| #ifdef HAVE_UNISTD_H
| # include <unistd.h>
| #endif
| 
| int
| main (void)
| {
| if (sizeof ((pid_t)))
| 	    return 0;
|   ;
|   return 0;
| }
configure:5106: result: yes
configure:5144: checking return type of signal handlers
configure:5163: gcc -c -m32 -O2  conftest.c >&5
conftest.c: In function 'main':
conftest.c:50:10: error: void value not ignored as it ought to be
   50 | return *(signal (0, 0)) (0) == 1;
      |         ~^~~~~~~~~~~~~~~~~~
configure:5163: $? = 1
configure: failed program was:
| /* confdefs.h */
| #define PACKAGE_NAME ""
| #define PACKAGE_TARNAME ""
| #define PACKAGE_VERSION ""
| #define PACKAGE_STRING ""
| #define PACKAGE_BUGREPORT ""
| #define PACKAGE_URL ""
| #define HAVE_STDIO_H 1
| #define HAVE_STDLIB_H 1
| #define HAVE_STRING_H 1
| #define HAVE_INTTYPES_H 1
| #define HAVE_STDINT_H 1
| #define HAVE_STRINGS_H 1
| #define HAVE_SYS_STAT_H 1
| #define HAVE_SYS_TYPES_H 1
| #define HAVE_UNISTD_H 1
| #define HAVE_WCHAR_H 1
| #define STDC_HEADERS 1
| #define _ALL_SOURCE 1
| #define _DARWIN_C_SOURCE 1
| #define _GNU_SOURCE 1
| #define _HPUX_ALT_XOPEN_SOCKET_API 1
| #define _NETBSD_SOURCE 1
| #define _OPENBSD_SOURCE 1
| #define _POSIX_PTHREAD_SEMANTICS 1
| #define __STDC_WANT_IEC_60559_ATTRIBS_EXT__ 1
| #define __STDC_WANT_IEC_60559_BFP_EXT__ 1
| #define __STDC_WANT_IEC_60559_DFP_EXT__ 1
| #define __STDC_WANT_IEC_60559_EXT__ 1
| #define __STDC_WANT_IEC_60559_FUNCS_EXT__ 1
| #define __STDC_WANT_IEC_60559_TYPES_EXT__ 1
| #define __STDC_WANT_LIB_EXT2__ 1
| #define __STDC_WANT_MATH_SPEC_FUNCS__ 1
| #define _TANDEM_SOURCE 1
| #define __EXTENSIONS__ 1
| #define YYTEXT_POINTER 1
| #define HAVE_STRING_H 1
| #define HAVE_STDLIB_H 1
| #define HAVE_MEMORY_H 1
| #define HAVE_UNISTD_H 1
| #define HAVE_STDARG_H 1
| #define HAVE_SYS_SELECT_H 1
| /* end confdefs.h.  */
| #include <sys/types.h>
| #include <signal.h>
| 
| int
| main (void)
| {
| return *(signal (0, 0)) (0) == 1;
|   ;
|   return 0;
| }
configure:5173: result: void
configure:5182: checking for strftime in -lintl
configure:5211: gcc -o conftest -m32 -O2  -m32 conftest.c -lintl   >&5
conftest.c:55:6: warning: conflicting types for built-in function 'strftime'; expected 'unsigned int(char *, unsigned int,  const char *, const void *)' [-Wbuiltin-declaration-mismatch]
   55 | char strftime (void);
      |      ^~~~~~~~
conftest.c:1:1: note: 'strftime' is declared in header '<time.h>'
    1 | /* confdefs.h */
/usr/bin/ld: cannot find -lintl: No such file or directory
collect2: error: ld returned 1 exit status
configure:5211: $? = 1
configure: failed program was:
| /* confdefs.h */
| #define PACKAGE_NAME ""
| #define PACKAGE_TARNAME ""
| #define PACKAGE_VERSION ""
| #define PACKAGE_STRING ""
| #define PACKAGE_BUGREPORT ""
| #define PACKAGE_URL ""
| #define HAVE_STDIO_H 1
| #define HAVE_STDLIB_H 1
| #define HAVE_STRING_H 1
| #define HAVE_INTTYPES_H 1
| #define HAVE_STDINT_H 1
| #define HAVE_STRINGS_H 1
| #define HAVE_SYS_STAT_H 1
| #define HAVE_SYS_TYPES_H 1
| #define HAVE_UNISTD_H 1
| #define HAVE_WCHAR_H 1
| #define STDC_HEADERS 1
| #define _ALL_SOURCE 1
| #define _DARWIN_C_SOURCE 1
| #define _GNU_SOURCE 1
| #define _HPUX_ALT_XOPEN_SOCKET_API 1
| #define _NETBSD_SOURCE 1
| #define _OPENBSD_SOURCE 1
| #define _POSIX_PTHREAD_SEMANTICS 1
| #define __STDC_WANT_IEC_60559_ATTRIBS_EXT__ 1
| #define __STDC_WANT_IEC_60559_BFP_EXT__ 1
| #define __STDC_WANT_IEC_60559_DFP_EXT__ 1
| #define __STDC_WANT_IEC_60559_EXT__ 1
| #define __STDC_WANT_IEC_60559_FUNCS_EXT__ 1
| #define __STDC_WANT_IEC_60559_TYPES_EXT__ 1
| #define __STDC_WANT_LIB_EXT2__ 1
| #define __STDC_WANT_MATH_SPEC_FUNCS__ 1
| #define _TANDEM_SOURCE 1
| #define __EXTENSIONS__ 1
| #define YYTEXT_POINTER 1
| #define HAVE_STRING_H 1
| #define HAVE_STDLIB_H 1
| #define HAVE_MEMORY_H 1
| #define HAVE_UNISTD_H 1
| #define HAVE_STDARG_H 1
| #define HAVE_SYS_SELECT_H 1
| #define RETSIGTYPE void
| /* end confdefs.h.  */
| 
| /* Override any GCC internal prototype to avoid an error.
|    Use char because int might match the return type of a GCC
|    builtin and then its argument prototype would still apply.
|    The 'extern "C"' is for builds by C++ compilers;
|    although this is not generally supported in C code supporting it here
|    has little cost and some practical benefit (sr 110532).  */
| #ifdef __cplusplus
| extern "C"
| #endif
| char strftime (void);
| int
| main (void)
| {
| return strftime ();
|   ;
|   return 0;
| }
configure:5223: result: no
configure:5236: checking for strftime
configure:5236: gcc -o conftest -m32 -O2  -m32 conftest.c  >&5
conftest.c:61:6: warning: conflicting types for built-in function 'strftime'; expected 'unsigned int(char *, unsigned int,  const char *, const void *)' [-Wbuiltin-declaration-mismatch]
   61 | char strftime (void);
      |      ^~~~~~~~
conftest.c:53:1: note: 'strftime' is declared in header '<time.h>'
   52 | #include <limits.h>
   53 | #undef strftime
configure:5236: $? = 0
configure:5236: result: yes
configure:5253: checking for memchr
configure:5253: gcc -o conftest -m32 -O2  -m32 conftest.c  >&5
conftest.c:62:6: warning: conflicting types for built-in function 'memchr'; expected 'void *(const void *, int,  unsigned int)' [-Wbuiltin-declaration-mismatch]
   62 | char memchr (void);
      |      ^~~~~~
conftest.c:54:1: note: 'memchr' is declared in header '<string.h>'
   53 | #include <limits.h>
   54 | #undef memchr
configure:5253: $? = 0
configure:5253: result: yes
configure:5253: checking for memmove
configure:5253: gcc -o conftest -m32 -O2  -m32 conftest.c  >&5
conftest.c:63:6: warning: conflicting types for built-in function 'memmove'; expected 'void *(void *, const void *, unsigned int)' [-Wbuiltin-declaration-mismatch]
   63 | char memmove (void);
      |      ^~~~~~~
conftest.c:55:1: note: 'memmove' is declared in header '<string.h>'
   54 | #include <limits.h>
   55 | #undef memmove
configure:5253: $? = 0
configure:5253: result: yes
configure:5253: checking for strerror
configure:5253: gcc -o conftest -m32 -O2  -m32 conftest.c  >&5
configure:5253: $? = 0
configure:5253: result: yes
configure:5253: checking for difftime
configure:5253: gcc -o conftest -m32 -O2  -m32 conftest.c  >&5
configure:5253: $? = 0
configure:5253: result: yes
configure:5253: checking for uname
configure:5253: gcc -o conftest -m32 -O2  -m32 conftest.c  >&5
configure:5253: $? = 0
configure:5253: result: yes
configure:5253: checking for cuserid
configure:5253: gcc -o conftest -m32 -O2  -m32 conftest.c  >&5
configure:5253: $? = 0
configure:5253: result: yes
configure:5289: checking how to run the C preprocessor
configure:5315: gcc -E  conftest.c
configure:5315: $? = 0
configure:5331: gcc -E  conftest.c
conftest.c:52:10: fatal error: ac_nonexistent.h: No such file or directory
   52 | #include <ac_nonexistent.h>
      |          ^~~~~~~~~~~~~~~~~~
compilation terminated.
configure:5331: $? = 1
configure: failed program was:
| /* confdefs.h */
| #define PACKAGE_NAME ""
| #define PACKAGE_TARNAME ""
| #define PACKAGE_VERSION ""
| #define PACKAGE_STRING ""
| #define PACKAGE_BUGREPORT ""
| #define PACKAGE_URL ""
| #define HAVE_STDIO_H 1
| #define HAVE_STDLIB_H 1
| #define HAVE_STRING_H 1
| #define HAVE_INTTYPES_H 1
| #define HAVE_STDINT_H 1
| #define HAVE_STRINGS_H 1
| #define HAVE_SYS_STAT_H 1
| #define HAVE_SYS_TYPES_H 1
| #define HAVE_UNISTD_H 1
| #define HAVE_WCHAR_H 1
| #define STDC_HEADERS 1
| #define _ALL_SOURCE 1
| #define _DARWIN_C_SOURCE 1
| #define _GNU_SOURCE 1
| #define _HPUX_ALT_XOPEN_SOCKET_API 1
| #define _NETBSD_SOURCE 1
| #define _OPENBSD_SOURCE 1
| #define _POSIX_PTHREAD_SEMANTICS 1
| #define __STDC_WANT_IEC_60559_ATTRIBS_EXT__ 1
| #define __STDC_WANT_IEC_60559_BFP_EXT__ 1
| #define __STDC_WANT_IEC_60559_DFP_EXT__ 1
| #define __STDC_WANT_IEC_60559_EXT__ 1
| #define __STDC_WANT_IEC_60559_FUNCS_EXT__ 1
| #define __STDC_WANT_IEC_60559_TYPES_EXT__ 1
| #define __STDC_WANT_LIB_EXT2__ 1
| #define __STDC_WANT_MATH_SPEC_FUNCS__ 1
| #define _TANDEM_SOURCE 1
| #define __EXTENSIONS__ 1
| #define YYTEXT_POINTER 1
| #define HAVE_STRING_H 1
| #define HAVE_STDLIB_H 1
| #define HAVE_MEMORY_H 1
| #define HAVE_UNISTD_H 1
| #define HAVE_STDARG_H 1
| #define HAVE_SYS_SELECT_H 1
| #define RETSIGTYPE void
| #define HAVE_STRFTIME 1
| #define HAVE_MEMCHR 1
| #define HAVE_MEMMOVE 1
| #define HAVE_STRERROR 1
| #define HAVE_DIFFTIME 1
| #define HAVE_UNAME 1
| #define HAVE_CUSERID 1
| /* end confdefs.h.  */
| #include <ac_nonexistent.h>
configure:5360: result: gcc -E
configure:5374: gcc -E  conftest.c
configure:5374: $? = 0
configure:5390: gcc -E  conftest.c
conftest.c:52:10: fatal error: ac_nonexistent.h: No such file or directory
   52 | #include <ac_nonexistent.h>
      |          ^~~~~~~~~~~~~~~~~~
compilation terminated.
configure:5390: $? = 1
configure: failed program was:
| /* confdefs.h */
| #define PACKAGE_NAME ""
| #define PACKAGE_TARNAME ""
| #define PACKAGE_VERSION ""
| #define PACKAGE_STRING ""
| #define PACKAGE_BUGREPORT ""
| #define PACKAGE_URL ""
| #define HAVE_STDIO_H 1
| #define HAVE_STDLIB_H 1
| #define HAVE_STRING_H 1
| #define HAVE_INTTYPES_H 1
| #define HAVE_STDINT_H 1
| #define HAVE_STRINGS_H 1
| #define HAVE_SYS_STAT_H 1
| #define HAVE_SYS_TYPES_H 1
| #define HAVE_UNISTD_H 1
| #define HAVE_WCHAR_H 1
| #define STDC_HEADERS 1
| #define _ALL_SOURCE 1
| #define _DARWIN_C_SOURCE 1
| #define _GNU_SOURCE 1
| #define _HPUX_ALT_XOPEN_SOCKET_API 1
| #define _NETBSD_SOURCE 1
| #define _OPENBSD_SOURCE 1
| #define _POSIX_PTHREAD_SEMANTICS 1
| #define __STDC_WANT_IEC_60559_ATTRIBS_EXT__ 1
| #define __STDC_WANT_IEC_60559_BFP_EXT__ 1
| #define __STDC_WANT_IEC_60559_DFP_EXT__ 1
| #define __STDC_WANT_IEC_60559_EXT__ 1
| #define __STDC_WANT_IEC_60559_FUNCS_EXT__ 1
| #define __STDC_WANT_IEC_60559_TYPES_EXT__ 1
| #define __STDC_WANT_LIB_EXT2__ 1
| #define __STDC_WANT_MATH_SPEC_FUNCS__ 1
| #define _TANDEM_SOURCE 1
| #define __EXTENSIONS__ 1
| #define YYTEXT_POINTER 1
| #define HAVE_STRING_H 1
| #define HAVE_STDLIB_H 1
| #define HAVE_MEMORY_H 1
| #define HAVE_UNISTD_H 1
| #define HAVE_STDARG_H 1
| #define HAVE_SYS_SELECT_H 1
| #define RETSIGTYPE void
| #define HAVE_STRFTIME 1
| #define HAVE_MEMCHR 1
| #define HAVE_MEMMOVE 1
| #define HAVE_STRERROR 1
| #define HAVE_DIFFTIME 1
| #define HAVE_UNAME 1
| #define HAVE_CUSERID 1
| /* end confdefs.h.  */
| #include <ac_nonexistent.h>
configure:5423: checking for egrep -e
configure:5553: result: /usr/bin/grep -E
configure:5560: checking for memchr prototype
configure:5593: result: yes
configure:5607: checking for strerror prototype
configure:5640: result: yes
configure:5651: checking for h_errlist and h_nerr
configure:5671: gcc -o conftest -m32 -O2  -m32 conftest.c  >&5
configure:5671: $? = 0
configure:5682: result: yes
configure:5690: checking whether struct tm is in sys/time.h or time.h
configure:5711: gcc -c -m32 -O2  conftest.c >&5
configure:5711: $? = 0
configure:5721: result: time.h
configure:5729: checking for an ANSI C-conforming const
configure:5796: gcc -c -m32 -O2  conftest.c >&5
configure:5796: $? = 0
configure:5806: result: yes
configure:5814: checking for size_t
configure:5814: gcc -c -m32 -O2  conftest.c >&5
configure:5814: $? = 0
configure:5814: gcc -c -m32 -O2  conftest.c >&5
conftest.c: In function 'main':
conftest.c:86:21: error: expected expression before ')' token
   86 | if (sizeof ((size_t)))
      |                     ^
configure:5814: $? = 1
configure: failed program was:
| /* confdefs.h */
| #define PACKAGE_NAME ""
| #define PACKAGE_TARNAME ""
| #define PACKAGE_VERSION ""
| #define PACKAGE_STRING ""
| #define PACKAGE_BUGREPORT ""
| #define PACKAGE_URL ""
| #define HAVE_STDIO_H 1
| #define HAVE_STDLIB_H 1
| #define HAVE_STRING_H 1
| #define HAVE_INTTYPES_H 1
| #define HAVE_STDINT_H 1
| #define HAVE_STRINGS_H 1
| #define HAVE_SYS_STAT_H 1
| #define HAVE_SYS_TYPES_H 1
| #define HAVE_UNISTD_H 1
| #define HAVE_WCHAR_H 1
| #define STDC_HEADERS 1
| #define _ALL_SOURCE 1
| #define _DARWIN_C_SOURCE 1
| #define _GNU_SOURCE 1
| #define _HPUX_ALT_XOPEN_SOCKET_API 1
| #define _NETBSD_SOURCE 1
| #define _OPENBSD_SOURCE 1
| #define _POSIX_PTHREAD_SEMANTICS 1
| #define __STDC_WANT_IEC_60559_ATTRIBS_EXT__ 1
| #define __STDC_WANT_IEC_60559_BFP_EXT__ 1
| #define __STDC_WANT_IEC_60559_DFP_EXT__ 1
| #define __STDC_WANT_IEC_60559_EXT__ 1
| #define __STDC_WANT_IEC_60559_FUNCS_EXT__ 1
| #define __STDC_WANT_IEC_60559_TYPES_EXT__ 1
| #define __STDC_WANT_LIB_EXT2__ 1
| #define __STDC_WANT_MATH_SPEC_FUNCS__ 1
| #define _TANDEM_SOURCE 1
| #define __EXTENSIONS__ 1
| #define YYTEXT_POINTER 1
| #define HAVE_STRING_H 1
| #define HAVE_STDLIB_H 1
| #define HAVE_MEMORY_H 1
| #define HAVE_UNISTD_H 1
| #define HAVE_STDARG_H 1
| #define HAVE_SYS_SELECT_H 1
| #define RETSIGTYPE void
| #define HAVE_STRFTIME 1
| #define HAVE_MEMCHR 1
| #define HAVE_MEMMOVE 1
| #define HAVE_STRERROR 1
| #define HAVE_DIFFTIME 1
| #define HAVE_UNAME 1
| #define HAVE_CUSERID 1
| #define HAVE_MEMCHR 1
| #define HAVE_STRERROR 1
| #define HAVE_H_ERRLIST 1
| /* end confdefs.h.  */
| #include <stddef.h>
| #ifdef HAVE_STDIO_H
| # include <stdio.h>
| #endif
| #ifdef HAVE_STDLIB_H
| # include <stdlib.h>
| #endif
| #ifdef HAVE_STRING_H
| # include <string.h>
| #endif
| #ifdef HAVE_INTTYPES_H
| # include <inttypes.h>
| #endif
| #ifdef HAVE_STDINT_H
| # include <stdint.h>
| #endif
| #ifdef HAVE_STRINGS_H
| # include <strings.h>
| #endif
| #ifdef HAVE_SYS_TYPES_H
| # include <sys/types.h>
| #endif
| #ifdef HAVE_SYS_STAT_H
| # include <sys/stat.h>
| #endif
| #ifdef HAVE_UNISTD_H
| # include <unistd.h>
| #endif
| int
| main (void)
| {
| if (sizeof ((size_t)))
| 	    return 0;
|   ;
|   return 0;
| }
configure:5814: result: yes
configure:5827: checking for working alloca.h
configure:5845: gcc -o conftest -m32 -O2  -m32 conftest.c  >&5
configure:5845: $? = 0
configure:5856: result: yes
configure:5864: checking for alloca
configure:5909: result: yes
configure:6005: checking for X
configure:6043: gcc -o conftest -m32 -O2  -m32 conftest.c -lX11  >&5
configure:6043: $? = 0
configure:6233: result: libraries , headers 
configure:6339: gcc -o conftest -m32 -O2  -m32 conftest.c   -lX11 >&5
configure:6339: $? = 0
configure:6455: checking for gethostbyname
configure:6455: gcc -o conftest -m32 -O2  -m32 conftest.c  >&5
configure:6455: $? = 0
configure:6455: result: yes
configure:6569: checking for connect
configure:6569: gcc -o conftest -m32 -O2  -m32 conftest.c  >&5
configure:6569: $? = 0
configure:6569: result: yes
configure:6627: checking for remove
configure:6627: gcc -o conftest -m32 -O2  -m32 conftest.c  >&5
configure:6627: $? = 0
configure:6627: result: yes
configure:6685: checking for shmat
configure:6685: gcc -o conftest -m32 -O2  -m32 conftest.c  >&5
configure:6685: $? = 0
configure:6685: result: yes
configure:6752: checking for IceConnectionNumber in -lICE
configure:6781: gcc -o conftest -m32 -O2  -m32 conftest.c -lICE   >&5
configure:6781: $? = 0
configure:6793: result: yes
configure:7026: checking for X version
configure:7057: result: 
configure:7066: error: Could not determine your X11 version. This almost certainly
means pre X11R5, so your X libraries are too old

## ---------------- ##
## Cache variables. ##
## ---------------- ##

ac_cv_c_compiler_gnu=yes
ac_cv_c_const=yes
ac_cv_env_CC_set=
ac_cv_env_CC_value=
ac_cv_env_CFLAGS_set=set
ac_cv_env_CFLAGS_value='-m32 -O2'
ac_cv_env_CPPFLAGS_set=set
ac_cv_env_CPPFLAGS_value=
ac_cv_env_CPP_set=
ac_cv_env_CPP_value=
ac_cv_env_LDFLAGS_set=set
ac_cv_env_LDFLAGS_value=-m32
ac_cv_env_LIBS_set=
ac_cv_env_LIBS_value=
ac_cv_env_XMKMF_set=
ac_cv_env_XMKMF_value=
ac_cv_env_YACC_set=
ac_cv_env_YACC_value=
ac_cv_env_YFLAGS_set=
ac_cv_env_YFLAGS_value=
ac_cv_env_build_alias_set=
ac_cv_env_build_alias_value=
ac_cv_env_host_alias_set=
ac_cv_env_host_alias_value=
ac_cv_env_target_alias_set=
ac_cv_env_target_alias_value=
ac_cv_func_alloca_works=yes
ac_cv_func_connect=yes
ac_cv_func_cuserid=yes
ac_cv_func_difftime=yes
ac_cv_func_gethostbyname=yes
ac_cv_func_memchr=yes
ac_cv_func_memmove=yes
ac_cv_func_remove=yes
ac_cv_func_shmat=yes
ac_cv_func_strerror=yes
ac_cv_func_strftime=yes
ac_cv_func_uname=yes
ac_cv_have_x='have_x=yes	ac_x_includes='\'''\''	ac_x_libraries='\'''\'''
ac_cv_header_inttypes_h=yes
ac_cv_header_memory_h=yes
ac_cv_header_minix_config_h=no
ac_cv_header_stdarg_h=yes
ac_cv_header_stdint_h=yes
ac_cv_header_stdio_h=yes
ac_cv_header_stdlib_h=yes
ac_cv_header_string_h=yes
ac_cv_header_strings_h=yes
ac_cv_header_sys_select_h=yes
ac_cv_header_sys_stat_h=yes
ac_cv_header_sys_types_h=yes
ac_cv_header_unistd_h=yes
ac_cv_header_wchar_h=yes
ac_cv_header_x11_xlib_h=yes
ac_cv_lib_ICE_IceConnectionNumber=yes
ac_cv_lib_intl_strftime=no
ac_cv_lib_lex='none needed'
ac_cv_objext=o
ac_cv_path_EGREP='/usr/bin/grep -E'
ac_cv_path_EGREP_TRADITIONAL='/usr/bin/grep -E'
ac_cv_path_GREP=/usr/bin/grep
ac_cv_path_install='/usr/bin/ginstall -c'
ac_cv_prog_CPP='gcc -E'
ac_cv_prog_ETAGS=:
ac_cv_prog_LEX=flex
ac_cv_prog_MAKEDEPEND=makedepend
ac_cv_prog_MAKEDEPEND_dependflags=' -I/usr/lib64/gcc/x86_64-slackware-linux/15.1.0/include -I/usr/local/include -I/usr/lib64/gcc/x86_64-slackware-linux/15.1.0/include-fixed -I/usr/include'
ac_cv_prog_MAKEDEPEND_option_p=yes
ac_cv_prog_YACC='bison -y'
ac_cv_prog_ac_ct_CC=gcc
ac_cv_prog_ac_ct_RANLIB=ranlib
ac_cv_prog_cc_c11=
ac_cv_prog_cc_g=yes
ac_cv_prog_cc_gcc_prototypes=yes
ac_cv_prog_cc_gcc_sanity=yes
ac_cv_prog_cc_stdc=
ac_cv_prog_gcc_version='gcc version 15.1.0 (GCC) '
ac_cv_prog_lex_root=lex.yy
ac_cv_prog_lex_yytext_pointer=yes
ac_cv_prog_make_make_library=yes
ac_cv_prog_make_make_sensitive=yes
ac_cv_prog_make_make_set=yes
ac_cv_prog_make_make_var_ARFLAGS=-rv
ac_cv_prog_make_make_var_RM='rm -f'
ac_cv_prog_yacc_overflow_6=no
ac_cv_proto_memchr=yes
ac_cv_proto_strerror=yes
ac_cv_safe_to_define___extensions__=yes
ac_cv_search_strerror='none required'
ac_cv_search_yywrap=no
ac_cv_should_define__xopen_source=no
ac_cv_struct_tm=time.h
ac_cv_type_pid_t=yes
ac_cv_type_signal=void
ac_cv_type_size_t=yes
ac_cv_var_h_errlist=yes
ac_cv_working_alloca_h=yes
ac_cv_x_version=
old_ac_cv_prog_gcc_version=

## ----------------- ##
## Output variables. ##
## ----------------- ##

ALLOCA=''
CC='gcc'
CFLAGS='-m32 -O2'
CPP='gcc -E'
CPPFLAGS=''
DEFS=''
DEPENDFLAGS=' -I/usr/lib64/gcc/x86_64-slackware-linux/15.1.0/include -I/usr/local/include -I/usr/lib64/gcc/x86_64-slackware-linux/15.1.0/include-fixed -I/usr/include'
ECHO_C=''
ECHO_N='-n'
ECHO_T=''
EGREP='/usr/bin/grep -E'
ETAGS=':'
EXEEXT=''
FUNCPROTO='-DFUNCPROTO=15'
GREP='/usr/bin/grep'
INSTALL_DATA='${INSTALL} -m 644'
INSTALL_PROGRAM='${INSTALL}'
INSTALL_SCRIPT='${INSTALL}'
LDFLAGS='-m32'
LEX='flex'
LEXLIB=''
LEX_OUTPUT_ROOT='lex.yy'
LIBOBJS=''
LIBS=''
LTLIBOBJS=''
MAKEDEPEND='makedepend'
MAKEDEPENDP='makedepend'
MAKE_ARFLAGS='-rv'
MAKE_RM='rm -f'
OBJEXT='o'
PACKAGE_BUGREPORT=''
PACKAGE_NAME=''
PACKAGE_STRING=''
PACKAGE_TARNAME=''
PACKAGE_URL=''
PACKAGE_VERSION=''
PATH_SEPARATOR=':'
RANLIB='ranlib'
RESOLVLIB=''
SET_MAKE=''
SHELL='/bin/sh'
TERM_DIR=''
TERM_LIBS=''
USE_AR='implicit'
USE_X=''
XAW_LIB=''
XMKMF=''
XT_VERSION=''
X_CFLAGS=''
X_EXTRA_LIBS=''
X_LIBS=''
X_PRE_LIBS=' -lSM -lICE'
X_VERSION=''
YACC='bison -y'
YFLAGS=''
YYOVERFLOW='yyoverflow(x1, x2, x3, x4, x5, x6, x7, x8)'
ac_ct_CC='gcc'
bindir='${exec_prefix}/bin'
build_alias=''
datadir='${datarootdir}'
datarootdir='${prefix}/share'
docdir='${datarootdir}/doc/${PACKAGE}'
dvidir='${docdir}'
exec_prefix='NONE'
host_alias=''
htmldir='${docdir}'
includedir='${prefix}/include'
infodir='${datarootdir}/info'
libdir='${exec_prefix}/lib'
libexecdir='${exec_prefix}/libexec'
localedir='${datarootdir}/locale'
localstatedir='${prefix}/var'
mandir='${datarootdir}/man'
oldincludedir='/usr/include'
pdfdir='${docdir}'
prefix='NONE'
program_transform_name='s,x,x,'
psdir='${docdir}'
runstatedir='${localstatedir}/run'
sbindir='${exec_prefix}/sbin'
sharedstatedir='${prefix}/com'
sysconfdir='${prefix}/etc'
target_alias=''

## ----------- ##
## confdefs.h. ##
## ----------- ##

/* confdefs.h */
#define PACKAGE_NAME ""
#define PACKAGE_TARNAME ""
#define PACKAGE_VERSION ""
#define PACKAGE_STRING ""
#define PACKAGE_BUGREPORT ""
#define PACKAGE_URL ""
#define HAVE_STDIO_H 1
#define HAVE_STDLIB_H 1
#define HAVE_STRING_H 1
#define HAVE_INTTYPES_H 1
#define HAVE_STDINT_H 1
#define HAVE_STRINGS_H 1
#define HAVE_SYS_STAT_H 1
#define HAVE_SYS_TYPES_H 1
#define HAVE_UNISTD_H 1
#define HAVE_WCHAR_H 1
#define STDC_HEADERS 1
#define _ALL_SOURCE 1
#define _DARWIN_C_SOURCE 1
#define _GNU_SOURCE 1
#define _HPUX_ALT_XOPEN_SOCKET_API 1
#define _NETBSD_SOURCE 1
#define _OPENBSD_SOURCE 1
#define _POSIX_PTHREAD_SEMANTICS 1
#define __STDC_WANT_IEC_60559_ATTRIBS_EXT__ 1
#define __STDC_WANT_IEC_60559_BFP_EXT__ 1
#define __STDC_WANT_IEC_60559_DFP_EXT__ 1
#define __STDC_WANT_IEC_60559_EXT__ 1
#define __STDC_WANT_IEC_60559_FUNCS_EXT__ 1
#define __STDC_WANT_IEC_60559_TYPES_EXT__ 1
#define __STDC_WANT_LIB_EXT2__ 1
#define __STDC_WANT_MATH_SPEC_FUNCS__ 1
#define _TANDEM_SOURCE 1
#define __EXTENSIONS__ 1
#define YYTEXT_POINTER 1
#define HAVE_STRING_H 1
#define HAVE_STDLIB_H 1
#define HAVE_MEMORY_H 1
#define HAVE_UNISTD_H 1
#define HAVE_STDARG_H 1
#define HAVE_SYS_SELECT_H 1
#define RETSIGTYPE void
#define HAVE_STRFTIME 1
#define HAVE_MEMCHR 1
#define HAVE_MEMMOVE 1
#define HAVE_STRERROR 1
#define HAVE_DIFFTIME 1
#define HAVE_UNAME 1
#define HAVE_CUSERID 1
#define HAVE_MEMCHR 1
#define HAVE_STRERROR 1
#define HAVE_H_ERRLIST 1
#define HAVE_ALLOCA_H 1
#define HAVE_ALLOCA 1

configure: exit 1
